// Jest Snapshot v1, https://goo.gl/fbAQLP

exports[`App renders App correctly after pulling live data 1`] = `
<DocumentFragment>
  <div
    class="forecast"
  >
    <h1
      class="location-details"
    >
      , 
    </h1>
    <div
      class="forecast-summaries"
    />
  </div>
</DocumentFragment>
`;
